Running Jupyter-Book v1.0.4.post1
Source Folder: /Users/yifangyuan/Ling380/python_text_analysis
Config Path: /Users/yifangyuan/Ling380/python_text_analysis/_config.yml
Output Path: /Users/yifangyuan/Ling380/python_text_analysis/_build/html
[01mRunning Sphinx v7.4.7[39;49;00m
[01mloading translations [en]... [39;49;00mdone
/opt/anaconda3/lib/python3.11/site-packages/sphinxcontrib/applehelp/__init__.py:24: RemovedInSphinx80Warning: The alias 'sphinx.util.SkipProgressMessage' is deprecated, use 'sphinx.util.display.SkipProgressMessage' instead. Check CHANGES for Sphinx API modifications.
  from sphinx.util import SkipProgressMessage, progress_message
/opt/anaconda3/lib/python3.11/site-packages/sphinxcontrib/applehelp/__init__.py:24: RemovedInSphinx80Warning: The alias 'sphinx.util.progress_message' is deprecated, use 'sphinx.util.display.progress_message' instead. Check CHANGES for Sphinx API modifications.
  from sphinx.util import SkipProgressMessage, progress_message
/opt/anaconda3/lib/python3.11/site-packages/sphinxcontrib/htmlhelp/__init__.py:26: RemovedInSphinx80Warning: The alias 'sphinx.util.progress_message' is deprecated, use 'sphinx.util.display.progress_message' instead. Check CHANGES for Sphinx API modifications.
  from sphinx.util import progress_message
[etoc] Changing master_doc to 'intro'
checking bibtex cache... out of date
parsing bibtex file /Users/yifangyuan/Ling380/python_text_analysis/references.bib... parsed 6 entries
[01mmyst v3.0.1:[39;49;00m MdParserConfig(commonmark_only=False, gfm_only=False, enable_extensions={'tasklist', 'linkify', 'substitution', 'colon_fence', 'dollarmath'}, disable_syntax=[], all_links_external=False, links_external_new_tab=False, url_schemes=('mailto', 'http', 'https'), ref_domains=None, fence_as_directive=set(), number_code_blocks=[], title_to_header=False, heading_anchors=0, heading_slug_func=None, html_meta={}, footnote_transition=True, words_per_minute=200, substitutions={}, linkify_fuzzy_links=True, dmath_allow_labels=True, dmath_allow_space=True, dmath_allow_digits=True, dmath_double_inline=False, update_mathjax=True, mathjax_classes='tex2jax_process|mathjax_process|math|output_area', enable_checkboxes=False, suppress_warnings=[], highlight_code_blocks=True)
[01mmyst-nb v1.3.0:[39;49;00m NbParserConfig(custom_formats={}, metadata_key='mystnb', cell_metadata_key='mystnb', kernel_rgx_aliases={}, eval_name_regex='^[a-zA-Z_][a-zA-Z0-9_]*$', execution_mode='off', execution_cache_path='', execution_excludepatterns=[], execution_timeout=30, execution_in_temp=False, execution_allow_errors=False, execution_raise_on_error=False, execution_show_tb=False, merge_streams=False, render_plugin='default', remove_code_source=False, remove_code_outputs=False, scroll_outputs=False, code_prompt_show='Show code cell {type}', code_prompt_hide='Hide code cell {type}', number_source_lines=False, output_stderr='show', render_text_lexer='myst-ansi', render_error_lexer='ipythontb', render_image_options={}, render_figure_options={}, render_markdown_format='commonmark', output_folder='build', append_css=True, metadata_to_fm=False)
Using jupyter-cache at: /Users/yifangyuan/Ling380/python_text_analysis/_build/.jupyter_cache
[01msphinx-multitoc-numbering v0.1.3:[39;49;00m Loaded
[01mbuilding [mo]: [39;49;00mtargets for 0 po files that are out of date
[01mwriting output... [39;49;00m
[01mbuilding [html]: [39;49;00mtargets for 20 source files that are out of date
[01mupdating environment: [39;49;00m[new config] 20 added, 0 changed, 0 removed
[01mreading sources... [39;49;00m[  5%] [35mHow-To-Interact-With-This-Book[39;49;00m
[01mreading sources... [39;49;00m[ 10%] [35mREADME[39;49;00m
[01mreading sources... [39;49;00m[ 15%] [35mUnit_0/nltk_install[39;49;00m
[01mreading sources... [39;49;00m[ 20%] [35mUnit_0/spacy_install[39;49;00m
[01mreading sources... [39;49;00m[ 25%] [35mUnit_0/unit_0[39;49;00m
[01mreading sources... [39;49;00m[ 30%] [35mUnit_0/virtual_environment_setup[39;49;00m
[01mreading sources... [39;49;00m[ 35%] [35mWeek_01[39;49;00m
[01mreading sources... [39;49;00m[ 40%] [35mWeek_02[39;49;00m
[01mreading sources... [39;49;00m[ 45%] [35mWeek_03[39;49;00m
[01mreading sources... [39;49;00m[ 50%] [35mWeek_04[39;49;00m
[01mreading sources... [39;49;00m[ 55%] [35mWeek_05[39;49;00m
[01mreading sources... [39;49;00m[ 60%] [35mWeek_06[39;49;00m
[01mreading sources... [39;49;00m[ 65%] [35mWeek_07[39;49;00m
[01mreading sources... [39;49;00m[ 70%] [35mWeek_08[39;49;00m
[01mreading sources... [39;49;00m[ 75%] [35mWeek_09[39;49;00m
[01mreading sources... [39;49;00m[ 80%] [35mWeek_10[39;49;00m
[01mreading sources... [39;49;00m[ 85%] [35mWeek_11[39;49;00m
[01mreading sources... [39;49;00m[ 90%] [35mWeek_12[39;49;00m
[01mreading sources... [39;49;00m[ 95%] [35mWeek_13[39;49;00m
[01mreading sources... [39;49;00m[100%] [35mintro[39;49;00m

[91m/Users/yifangyuan/Ling380/python_text_analysis/Week_06.ipynb:70002: WARNING: Non-consecutive header level increase; H1 to H3 [myst.header][39;49;00m
[91m/Users/yifangyuan/Ling380/python_text_analysis/Week_06.ipynb:160002: WARNING: Non-consecutive header level increase; H1 to H3 [myst.header][39;49;00m
[01mlooking for now-outdated files... [39;49;00mnone found
[01mpickling environment... [39;49;00mdone
[01mchecking consistency... [39;49;00m[91m/Users/yifangyuan/Ling380/python_text_analysis/README.md: WARNING: document isn't included in any toctree[39;49;00m
done
[01mpreparing documents... [39;49;00mdone
[01mcopying assets... [39;49;00m
[01mcopying static files... [39;49;00mdone
[01mcopying extra files... [39;49;00mdone
[01mcopying assets: [39;49;00mdone
[01mwriting output... [39;49;00m[  5%] [32mHow-To-Interact-With-This-Book[39;49;00m
[01mwriting output... [39;49;00m[ 10%] [32mREADME[39;49;00m
[01mwriting output... [39;49;00m[ 15%] [32mUnit_0/nltk_install[39;49;00m
[01mwriting output... [39;49;00m[ 20%] [32mUnit_0/spacy_install[39;49;00m
[01mwriting output... [39;49;00m[ 25%] [32mUnit_0/unit_0[39;49;00m
[01mwriting output... [39;49;00m[ 30%] [32mUnit_0/virtual_environment_setup[39;49;00m
[01mwriting output... [39;49;00m[ 35%] [32mWeek_01[39;49;00m
[01mwriting output... [39;49;00m[ 40%] [32mWeek_02[39;49;00m
[01mwriting output... [39;49;00m[ 45%] [32mWeek_03[39;49;00m
[01mwriting output... [39;49;00m[ 50%] [32mWeek_04[39;49;00m
[01mwriting output... [39;49;00m[ 55%] [32mWeek_05[39;49;00m
[01mwriting output... [39;49;00m[ 60%] [32mWeek_06[39;49;00m
[01mwriting output... [39;49;00m[ 65%] [32mWeek_07[39;49;00m
[01mwriting output... [39;49;00m[ 70%] [32mWeek_08[39;49;00m
[01mwriting output... [39;49;00m[ 75%] [32mWeek_09[39;49;00m
[01mwriting output... [39;49;00m[ 80%] [32mWeek_10[39;49;00m
[01mwriting output... [39;49;00m[ 85%] [32mWeek_11[39;49;00m
[01mwriting output... [39;49;00m[ 90%] [32mWeek_12[39;49;00m
[01mwriting output... [39;49;00m[ 95%] [32mWeek_13[39;49;00m
[01mwriting output... [39;49;00m[100%] [32mintro[39;49;00m

[91m/Users/yifangyuan/Ling380/python_text_analysis/How-To-Interact-With-This-Book.ipynb:80003: WARNING: 'myst' cross-reference target not found: '02-Python/Installation' [myst.xref_missing][39;49;00m
[91m/Users/yifangyuan/Ling380/python_text_analysis/Unit_0/virtual_environment_setup.ipynb:30002: WARNING: 'myst' cross-reference target not found: '_static/virtue_environment.zip' [myst.xref_missing][39;49;00m
[01mgenerating indices... [39;49;00mgenindex done
[01mwriting additional pages... [39;49;00msearch done
[01mcopying images... [39;49;00m[100%] [33mUnit_0/img/switch_kernel.png[39;49;00m

[01mdumping search index in English (code: en)... [39;49;00mdone
[01mdumping object inventory... [39;49;00mdone
[01mbuild succeeded, 5 warnings.[39;49;00m

The HTML pages are in _build/html.

[92m===============================================================================[0m

Finished generating HTML for book.
Your book's HTML pages are here:
    _build/html/
You can look at your book by opening this file in a browser:
    _build/html/index.html
Or paste this line directly into your browser bar:
    file:///Users/yifangyuan/Ling380/python_text_analysis/_build/html/index.html            

[92m===============================================================================[0m

